// Jest Snapshot v1, https://goo.gl/fbAQLP

exports[`renders correctly 1`] = `
<View
  style={
    {
      "alignItems": "center",
      "backgroundColor": "red",
      "height": 100,
      "justifyContent": "center",
      "width": 100,
    }
  }
>
  <Text
    style={
      {
        "color": "green",
        "fontSize": 18,
        "fontWeight": "bold",
      }
    }
  >
    hello
  </Text>
</View>
`;
